[livedemo00.template-help.com/joomla_43780/index.php/services/itemlist/category/12-cum-sociis-natoque-penatibus.html]
[livedemo00.template-help.com/joomla_43780/index.php/about/our-history.html]
[livedemo00.template-help.com/joomla_43780/index.php/services.html]
[livedemo00.template-help.com/joomla_43780/index.html]
[livedemo00.template-help.com/joomla_43780/index.php/services/itemlist/category/13-magnis-dis-parturient-monte.html]
[livedemo00.template-help.com/joomla_43780/index.php/about/faqs.html]
[livedemo00.template-help.com/joomla_43780/index.php/gallery/columns-2.html]
[livedemo00.template-help.com/joomla_43780/index.php/gallery/columns-3.html]
[livedemo00.template-help.com/joomla_43780/index.php/gallery/columns-4.html]
[livedemo00.template-help.com/joomla_43780/index.php/services/itemlist/category/19-fusce-feugiat-malesuada-odio.html]
[livedemo00.template-help.com/joomla_43780/index.php/testimonials.html]
[livedemo00.template-help.com/joomla_43780/index.php/staff.html]
[livedemo00.template-help.com/joomla_43780/index.php/contacts.html]
[livedemo00.template-help.com/joomla_43780/index.php/services/itemlist/category/21-morbi-nunc-odio-gravida-at-cur.html]
[livedemo00.template-help.com/joomla_43780/index.php/about.html]
[livedemo00.template-help.com/joomla_43780/index.php/about/item/84-fusce-euismod-conseq.html]
[livedemo00.template-help.com/joomla_43780/index.php/about/item/85-nemo-enim-ipsam-volupta.html]
[livedemo00.template-help.com/joomla_43780/index.php/about/item/86-sit-voluptatem-accus.html]
[livedemo00.template-help.com/joomla_43780/index.php/services/itemlist/category/22-duis-ultricies-pharetra.html]
[livedemo00.template-help.com/joomla_43780/index.php/services/itemlist/category/11-fusce-suscipit-varius-mi.html]
[livedemo00.template-help.com/joomla_43780/index.php/services/itemlist/date/2012/6.html]
[livedemo00.template-help.com/joomla_43780/index.php/component/k2/item/12-fly-fishing.html]
[livedemo00.template-help.com/joomla_43780/index.php/user-login.html]
[livedemo00.template-help.com/joomla_43780/index.php/services/item/69-fusce-euismod-consequat-ante.html]
[livedemo00.template-help.com/joomla_43780/index.php/services/itemlist/date/2012/10.html]
[livedemo00.template-help.com/joomla_43780/index.php/user-profile798d.html]
[livedemo00.template-help.com/joomla_43780/index.php/user-profile4488.html]
[livedemo00.template-help.com/joomla_43780/index.php/user-profile4437.html]
[livedemo00.template-help.com/joomla_43780/index.php/services/itemlist/date/2012/7.html]
[livedemo00.template-help.com/joomla_43780/index.php/services/itemlist/date/2012/5.html]
[livedemo00.template-help.com/joomla_43780/index.php/privacy-policy.html]
[livedemo00.template-help.com/joomla_43780/index.php/services/itemlist/date/2012/2.html]
[livedemo00.template-help.com/joomla_43780/index.php/services/itemlist/date/2011/12.html]
[livedemo00.template-help.com/joomla_43780/index.php/services/itemlist/date/2012/4.html]
[livedemo00.template-help.com/joomla_43780/index.php/services/itemlist/date/2012/3.html]
[livedemo00.template-help.com/joomla_43780/index.php/services/itemlist/date/2012/1.html]
[livedemo00.template-help.com/joomla_43780/index.php/component/k2/item/11-top.html]
[livedemo00.template-help.com/joomla_43780/index.php/component/k2/item/13-new-line.html]
[livedemo00.template-help.com/joomla_43780/index.php/component/k2/item/14-save.html]
[backblue.gif]
[fade.gif]
[index.html]
[livedemo00.template-help.com/joomla_43780/index.html]
[livedemo00.template-help.com/joomla_43780/index.php/about/our-history.html]
[livedemo00.template-help.com/joomla_43780/index.php/services.html]
[ajax.googleapis.com/ajax/libs/jquery/1.7/jquery.min.js]
[livedemo00.template-help.com/joomla_43780/index.php/about/faqs.html]
[ajax.googleapis.com/ajax/libs/jqueryui/1.8/jquery-ui.min.js]
[livedemo00.template-help.com/joomla_43780/index.php/gallery/columns-2.html]
[livedemo00.template-help.com/joomla_43780/index.php/gallery/columns-3.html]
[livedemo00.template-help.com/joomla_43780/index.php/gallery/columns-4.html]
[livedemo00.template-help.com/joomla_43780/index.php/testimonials.html]
[livedemo00.template-help.com/joomla_43780/index.php/staff.html]
[livedemo00.template-help.com/joomla_43780/index.php/contacts.html]
[livedemo00.template-help.com/joomla_43780/index.php/about.html]
[livedemo00.template-help.com/joomla_43780/index.php/about/item/84-fusce-euismod-conseq.html]
[livedemo00.template-help.com/joomla_43780/index.php/about/item/85-nemo-enim-ipsam-volupta.html]
[livedemo00.template-help.com/joomla_43780/index.php/about/item/86-sit-voluptatem-accus.html]
[livedemo00.template-help.com/joomla_43780/index.php/services/itemlist/date/2012/6.html]
[livedemo00.template-help.com/joomla_43780/index.php/services/itemlist/category/11-fusce-suscipit-varius-mi.html]
[livedemo00.template-help.com/joomla_43780/index.php/component/k2/item/12-fly-fishing.html]
[livedemo00.template-help.com/joomla_43780/index.php/services/item/69-fusce-euismod-consequat-ante.html]
[livedemo00.template-help.com/joomla_43780/index.php/user-login.html]
[livedemo00.template-help.com/joomla_43780/index.php/user-profile798d.html]
[livedemo00.template-help.com/joomla_43780/index.php/user-profile4488.html]
[livedemo00.template-help.com/joomla_43780/index.php/user-profile4437.html]
[livedemo00.template-help.com/joomla_43780/index.php/privacy-policy.html]
[livedemo00.template-help.com/joomla_43780/index.php/services/itemlist/category/12-cum-sociis-natoque-penatibus.html]
[livedemo00.template-help.com/joomla_43780/index.php/services/itemlist/category/13-magnis-dis-parturient-monte.html]
[livedemo00.template-help.com/joomla_43780/index.php/services/itemlist/category/19-fusce-feugiat-malesuada-odio.html]
[livedemo00.template-help.com/joomla_43780/index.php/services/itemlist/category/21-morbi-nunc-odio-gravida-at-cur.html]
[livedemo00.template-help.com/joomla_43780/index.php/services/itemlist/category/22-duis-ultricies-pharetra.html]
[livedemo00.template-help.com/joomla_43780/index.php/services/itemlist/date/2012/10.html]
[livedemo00.template-help.com/joomla_43780/index.php/services/itemlist/date/2012/7.html]
[livedemo00.template-help.com/joomla_43780/index.php/services/itemlist/date/2012/5.html]
[livedemo00.template-help.com/joomla_43780/index.php/services/itemlist/date/2012/2.html]
[livedemo00.template-help.com/joomla_43780/index.php/services/itemlist/date/2011/12.html]
[livedemo00.template-help.com/joomla_43780/index.php/services/itemlist/date/2012/4.html]
[livedemo00.template-help.com/joomla_43780/index.php/services/itemlist/date/2012/3.html]
[livedemo00.template-help.com/joomla_43780/index.php/services/itemlist/date/2012/1.html]
[livedemo00.template-help.com/joomla_43780/index.php/component/k2/item/11-top.html]
[livedemo00.template-help.com/joomla_43780/index.php/component/k2/item/13-new-line.html]
[livedemo00.template-help.com/joomla_43780/index.php/component/k2/item/14-save.html]
